stm32l0xx_hal_msp.c:66:6:HAL_MspInit	8	static
stm32l0xx_hal_msp.c:88:6:HAL_ADC_MspInit	40	static
stm32l0xx_hal_msp.c:129:6:HAL_ADC_MspDeInit	16	static
stm32l0xx_hal_msp.c:164:6:HAL_RTC_MspInit	16	static
stm32l0xx_hal_msp.c:186:6:HAL_RTC_MspDeInit	16	static
stm32l0xx_hal_msp.c:208:6:HAL_TIM_Base_MspInit	16	static
stm32l0xx_hal_msp.c:244:6:HAL_TIM_PWM_MspInit	16	static
stm32l0xx_hal_msp.c:266:6:HAL_TIM_OC_MspInit	16	static
stm32l0xx_hal_msp.c:291:6:HAL_TIM_Encoder_MspInit	40	static
stm32l0xx_hal_msp.c:324:6:HAL_TIM_MspPostInit	56	static
stm32l0xx_hal_msp.c:387:6:HAL_TIM_Base_MspDeInit	16	static
stm32l0xx_hal_msp.c:423:6:HAL_TIM_PWM_MspDeInit	16	static
stm32l0xx_hal_msp.c:445:6:HAL_TIM_OC_MspDeInit	16	static
stm32l0xx_hal_msp.c:470:6:HAL_TIM_Encoder_MspDeInit	16	static
stm32l0xx_hal_msp.c:501:6:HAL_UART_MspInit	40	static
stm32l0xx_hal_msp.c:537:6:HAL_UART_MspDeInit	16	static
