stm32l0xx_it.c:62:6:checkTurn	8	static
stm32l0xx_it.c:74:6:checkStraight	8	static
stm32l0xx_it.c:82:6:checkLeft	8	static
stm32l0xx_it.c:94:6:checkRight	8	static
stm32l0xx_it.c:106:6:determineDir	8	static
stm32l0xx_it.c:134:6:NMI_Handler	8	static
stm32l0xx_it.c:147:6:HardFault_Handler	8	static
stm32l0xx_it.c:162:6:SVC_Handler	8	static
stm32l0xx_it.c:175:6:PendSV_Handler	8	static
stm32l0xx_it.c:188:6:SysTick_Handler	8	static
stm32l0xx_it.c:209:6:EXTI0_1_IRQHandler	8	static
stm32l0xx_it.c:227:6:EXTI4_15_IRQHandler	8	static
stm32l0xx_it.c:243:6:TIM6_DAC_IRQHandler	8	static
stm32l0xx_it.c:272:6:TIM22_IRQHandler	8	static
