stm32l0xx_it.c:62:6:checkTurn	8	static
stm32l0xx_it.c:74:6:checkStraight	8	static
stm32l0xx_it.c:82:6:checkLeft	16	static
stm32l0xx_it.c:94:6:checkRight	16	static
stm32l0xx_it.c:106:6:determineDir	16	static
stm32l0xx_it.c:136:6:NMI_Handler	0	static
stm32l0xx_it.c:149:6:HardFault_Handler	8	static
stm32l0xx_it.c:165:6:SVC_Handler	0	static
stm32l0xx_it.c:178:6:PendSV_Handler	0	static
stm32l0xx_it.c:191:6:SysTick_Handler	8	static
stm32l0xx_it.c:212:6:EXTI0_1_IRQHandler	8	static
stm32l0xx_it.c:230:6:EXTI4_15_IRQHandler	8	static
stm32l0xx_it.c:265:6:DMA1_Channel1_IRQHandler	8	static
stm32l0xx_it.c:280:6:TIM6_DAC_IRQHandler	24	static
stm32l0xx_it.c:309:6:TIM21_IRQHandler	8	static
stm32l0xx_it.c:323:6:TIM22_IRQHandler	8	static
