menu.c:15:6:Menu_Main	8	static
menu.c:92:6:bitbang_init_lcd	8	static
menu.c:103:6:generic_lcd_startup	8	static
menu.c:112:6:nano_wait	16	static,ignoring_inline_asm
menu.c:117:6:cmd	24	static
menu.c:128:6:bitbang_sendbit	24	static
menu.c:143:6:bitbang_sendbyte	24	static
menu.c:152:6:displayTop	24	static
menu.c:164:6:data	24	static
menu.c:175:6:displayBottom	24	static
menu.c:187:6:push_button	8	static
menu.c:222:6:MenuRight	8	static
menu.c:227:6:MenuLeft	8	static
menu.c:235:6:LevelLRight	8	static
menu.c:241:6:LevelLLeft	8	static
menu.c:247:6:WaterLRight	8	static
menu.c:253:6:WaterLLeft	8	static
menu.c:259:6:TimeRight	8	static
menu.c:291:6:TimeLeft	8	static
