menu.c:16:6:Menu_Main	8	static
menu.c:51:6:Display	8	static
menu.c:103:6:bitbang_init_lcd	8	static
menu.c:114:6:generic_lcd_startup	8	static
menu.c:123:6:nano_wait	16	static,ignoring_inline_asm
menu.c:128:6:cmd	24	static
menu.c:139:6:bitbang_sendbit	24	static
menu.c:154:6:bitbang_sendbyte	24	static
menu.c:163:6:displayTop	24	static
menu.c:175:6:data	24	static
menu.c:186:6:displayBottom	24	static
menu.c:198:6:push_button	8	static
menu.c:243:6:MenuRight	8	static
menu.c:248:6:MenuLeft	8	static
menu.c:256:6:LevelLRight	8	static
menu.c:262:6:LevelLLeft	8	static
menu.c:268:6:WaterLRight	8	static
menu.c:274:6:WaterLLeft	8	static
menu.c:280:6:TimeRight	8	static
menu.c:312:6:TimeLeft	8	static
