sensors.c:27:6:DMAInit	16	static
sensors.c:69:5:check_light_variance	56	static
sensors.c:92:5:check_light_direction	24	static
sensors.c:110:5:IR_align	16	static
sensors.c:117:5:IR_dock	16	static
sensors.c:127:6:TIM6_UltraSonic_Handler	8	static
sensors.c:145:6:checkTurn	8	static
sensors.c:157:6:checkStraight	8	static
sensors.c:167:6:checkLeft	8	static
sensors.c:179:6:checkRight	8	static
sensors.c:190:6:determineDir	8	static
sensors.c:203:6:init_Left	8	static
sensors.c:207:6:init_Right	8	static
sensors.c:211:6:init_Straight	8	static
sensors.c:216:6:TIM2_conf	8	static
