main.c:73:6:init_Left	8	static
main.c:76:6:init_Right	8	static
main.c:80:6:init_Straight	8	static
main.c:83:6:myTim2Init	8	static
main.c:98:6:myDMAInit	16	static
main.c:200:5:main	24	static
main.c:312:6:SystemClock_Config	136	static
main.c:358:13:MX_ADC_Init	16	static
main.c:440:13:MX_TIM2_Init	72	static
main.c:510:13:MX_TIM3_Init	32	static
main.c:575:13:MX_TIM6_Init	16	static
main.c:613:13:MX_TIM21_Init	32	static
main.c:661:13:MX_TIM22_Init	64	static
main.c:717:13:MX_USART2_UART_Init	8	static
main.c:752:13:MX_GPIO_Init	56	static
main.c:827:1:__io_putchar	16	static
main.c:836:6:Right_Encoder_Interrupt_Handler	8	static
main.c:844:6:Left_Encoder_Interrupt_Handler	8	static
main.c:853:6:Right_Motor_PWM_Gen	16	static
main.c:880:6:Left_Motor_PWM_Gen	16	static
main.c:907:6:Right_Motor_Position_Controller	24	static
main.c:925:6:Left_Motor_Position_Controller	24	static
main.c:943:6:move_robot	16	static
main.c:964:6:TEN_KHZ_TIM_Interrupt_Handler	8	static
main.c:974:6:TIM22_Interrupt_Handler	8	static
main.c:979:6:Print_Encoder_Reading	8	static
main.c:986:6:ADC_ConvCpltCallback	16	static
main.c:994:6:HAL_ADC_ErrorCallback	16	static
main.c:1002:5:check_light	56	static
main.c:1024:6:turn_until_light	16	static
main.c:1037:6:forward_until_light	16	static
main.c:1048:5:light_direction	24	static
main.c:1060:6:RTC_Init	8	static
main.c:1088:6:Error_Handler	8	static
