arm_math.h:4795:29:arm_pid_f32	32	static
main.c:61:6:init_Left	8	static
main.c:64:6:init_Right	8	static
main.c:68:6:init_Straight	8	static
main.c:71:6:myTim2Init	8	static
main.c:86:6:myDMAInit	16	static
main.c:181:5:main	16	static
main.c:276:6:SystemClock_Config	136	static
main.c:322:13:MX_ADC_Init	16	static
main.c:397:13:MX_TIM2_Init	72	static
main.c:467:13:MX_TIM3_Init	32	static
main.c:532:13:MX_TIM6_Init	16	static
main.c:570:13:MX_TIM21_Init	32	static
main.c:618:13:MX_TIM22_Init	64	static
main.c:674:13:MX_USART2_UART_Init	8	static
main.c:709:13:MX_GPIO_Init	56	static
main.c:762:1:__io_putchar	16	static
main.c:771:6:Right_Encoder_Interrupt_Handler	8	static
main.c:779:6:Left_Encoder_Interrupt_Handler	8	static
main.c:840:6:Right_Motor_Controller	24	static
main.c:855:6:Left_Motor_Controller	24	static
main.c:870:6:TEN_KHZ_TIM_Interrupt_Handler	8	static
main.c:880:6:TIM22_Interrupt_Handler	8	static
main.c:885:6:Print_Encoder_Reading	8	static
main.c:891:6:ADC_ConvCpltCallback	32	static
main.c:899:6:HAL_ADC_ErrorCallback	16	static
main.c:903:6:Read_Light_Sensors	8	static
main.c:913:6:Error_Handler	8	static
