main.c:74:6:init_Left	8	static
main.c:77:6:init_Right	8	static
main.c:81:6:init_Straight	8	static
main.c:84:6:myTim2Init	8	static
main.c:99:6:myDMAInit	16	static
main.c:203:5:main	24	static
main.c:321:6:SystemClock_Config	136	static
main.c:367:13:MX_ADC_Init	16	static
main.c:449:13:MX_TIM2_Init	72	static
main.c:519:13:MX_TIM3_Init	32	static
main.c:584:13:MX_TIM6_Init	16	static
main.c:622:13:MX_TIM21_Init	32	static
main.c:670:13:MX_TIM22_Init	64	static
main.c:726:13:MX_USART2_UART_Init	8	static
main.c:761:13:MX_GPIO_Init	56	static
main.c:836:1:__io_putchar	16	static
main.c:845:6:Right_Encoder_Interrupt_Handler	8	static
main.c:853:6:Left_Encoder_Interrupt_Handler	8	static
main.c:862:6:Right_Motor_PWM_Gen	16	static
main.c:889:6:Left_Motor_PWM_Gen	16	static
main.c:916:6:Right_Motor_Position_Controller	24	static
main.c:934:6:Left_Motor_Position_Controller	24	static
main.c:952:6:move_robot	16	static
main.c:973:6:TEN_KHZ_TIM_Interrupt_Handler	8	static
main.c:983:6:TIM22_Interrupt_Handler	8	static
main.c:988:6:Print_Encoder_Reading	8	static
main.c:995:6:ADC_ConvCpltCallback	16	static
main.c:1003:6:HAL_ADC_ErrorCallback	16	static
main.c:1011:5:check_light	56	static
main.c:1033:6:turn_until_light	16	static
main.c:1046:6:forward_until_light	16	static
main.c:1057:5:light_direction	24	static
main.c:1069:6:RTC_Init	8	static
main.c:1090:6:check_soil	8	static
main.c:1096:6:IR_LOCATE	16	static
main.c:1138:6:Error_Handler	8	static
