main.c:74:6:init_Left	8	static
main.c:77:6:init_Right	8	static
main.c:81:6:init_Straight	8	static
main.c:84:6:myTim2Init	8	static
main.c:99:6:myDMAInit	16	static
main.c:203:5:main	16	static
main.c:316:6:SystemClock_Config	136	static
main.c:362:13:MX_ADC_Init	16	static
main.c:444:13:MX_TIM2_Init	72	static
main.c:514:13:MX_TIM3_Init	32	static
main.c:579:13:MX_TIM6_Init	16	static
main.c:617:13:MX_TIM21_Init	32	static
main.c:665:13:MX_TIM22_Init	64	static
main.c:721:13:MX_USART2_UART_Init	8	static
main.c:756:13:MX_GPIO_Init	56	static
main.c:831:1:__io_putchar	16	static
main.c:840:6:Right_Encoder_Interrupt_Handler	8	static
main.c:848:6:Left_Encoder_Interrupt_Handler	8	static
main.c:857:6:Right_Motor_PWM_Gen	16	static
main.c:884:6:Left_Motor_PWM_Gen	16	static
main.c:911:6:Right_Motor_Position_Controller	24	static
main.c:929:6:Left_Motor_Position_Controller	24	static
main.c:947:6:move_robot	16	static
main.c:968:6:TEN_KHZ_TIM_Interrupt_Handler	8	static
main.c:976:6:TIM22_Interrupt_Handler	8	static
main.c:981:6:Print_Encoder_Reading	8	static
main.c:988:6:ADC_ConvCpltCallback	16	static
main.c:996:6:HAL_ADC_ErrorCallback	16	static
main.c:1004:5:check_light	56	static
main.c:1026:6:turn_until_light	16	static
main.c:1039:6:forward_until_light	16	static
main.c:1050:5:light_direction	24	static
main.c:1062:6:RTC_Init	8	static
main.c:1083:6:Print_RENC_Reading	8	static
main.c:1086:6:check_soil	8	static
main.c:1092:6:IR_LOCATE	16	static
main.c:1134:6:Error_Handler	8	static
