arm_math.h:4795:29:arm_pid_f32	32	static
main.c:104:5:main	8	static
main.c:170:6:SystemClock_Config	136	static
main.c:216:13:MX_TIM3_Init	32	static
main.c:281:13:MX_TIM21_Init	32	static
main.c:329:13:MX_USART2_UART_Init	8	static
main.c:364:13:MX_GPIO_Init	48	static
main.c:407:1:__io_putchar	16	static
main.c:416:6:Right_Encoder_Interrupt_Handler	8	static
main.c:424:6:Left_Encoder_Interrupt_Handler	8	static
main.c:431:6:Right_Motor_PWM_Gen	16	static
main.c:458:6:Left_Motor_PWM_Gen	16	static
main.c:485:6:Right_Motor_Controller	24	static
main.c:500:6:Left_Motor_Controller	24	static
main.c:516:6:HUNDRED_MS_TIM_INT_HANDLER	8	static
main.c:526:6:Print_Encoder_Reading	8	static
main.c:537:6:Error_Handler	8	static
