arm_math.h:4795:29:arm_pid_f32	32	static
main.c:61:6:init_Left	8	static
main.c:64:6:init_Right	8	static
main.c:68:6:init_Straight	8	static
main.c:71:6:myTim2Init	8	static
main.c:86:6:myDMAInit	16	static
main.c:182:5:main	16	static
main.c:284:6:SystemClock_Config	136	static
main.c:330:13:MX_ADC_Init	16	static
main.c:412:13:MX_TIM2_Init	72	static
main.c:482:13:MX_TIM3_Init	32	static
main.c:547:13:MX_TIM6_Init	16	static
main.c:585:13:MX_TIM21_Init	32	static
main.c:633:13:MX_TIM22_Init	64	static
main.c:689:13:MX_USART2_UART_Init	8	static
main.c:724:13:MX_GPIO_Init	56	static
main.c:799:1:__io_putchar	16	static
main.c:808:6:Right_Encoder_Interrupt_Handler	8	static
main.c:816:6:Left_Encoder_Interrupt_Handler	8	static
main.c:877:6:Right_Motor_Controller	24	static
main.c:892:6:Left_Motor_Controller	24	static
main.c:907:6:TEN_KHZ_TIM_Interrupt_Handler	8	static
main.c:917:6:TIM22_Interrupt_Handler	8	static
main.c:922:6:Print_Encoder_Reading	8	static
main.c:928:6:ADC_ConvCpltCallback	16	static
main.c:937:6:HAL_ADC_ErrorCallback	16	static
main.c:941:6:Read_Light_Sensors	8	static
main.c:951:6:Error_Handler	8	static
