main.c:75:6:init_Left	8	static
main.c:78:6:init_Right	8	static
main.c:82:6:init_Straight	8	static
main.c:85:6:myTim2Init	8	static
main.c:100:6:myDMAInit	16	static
main.c:221:5:main	16	static
main.c:379:6:SystemClock_Config	136	static
main.c:427:13:MX_ADC_Init	16	static
main.c:509:13:MX_RTC_Init	72	static
main.c:592:13:MX_TIM2_Init	72	static
main.c:662:13:MX_TIM3_Init	32	static
main.c:727:13:MX_TIM6_Init	16	static
main.c:765:13:MX_TIM21_Init	32	static
main.c:813:13:MX_TIM22_Init	64	static
main.c:869:13:MX_USART2_UART_Init	8	static
main.c:904:13:MX_GPIO_Init	56	static
main.c:979:1:__io_putchar	16	static
main.c:988:6:Right_Encoder_Interrupt_Handler	8	static
main.c:996:6:Left_Encoder_Interrupt_Handler	8	static
main.c:1005:6:Right_Motor_PWM_Gen	16	static
main.c:1032:6:Left_Motor_PWM_Gen	16	static
main.c:1059:6:Right_Motor_Position_Controller	24	static
main.c:1077:6:Left_Motor_Position_Controller	24	static
main.c:1096:6:move_robot	16	static
main.c:1117:6:TEN_KHZ_TIM_Interrupt_Handler	8	static
main.c:1125:6:TIM22_Interrupt_Handler	8	static
main.c:1130:6:Print_Encoder_Reading	8	static
main.c:1137:6:ADC_ConvCpltCallback	16	static
main.c:1145:6:HAL_ADC_ErrorCallback	16	static
main.c:1153:5:check_light	56	static
main.c:1175:6:turn_until_light	16	static
main.c:1188:6:forward_until_light	16	static
main.c:1203:5:light_direction	24	static
main.c:1215:6:RTC_Init	8	static
main.c:1236:6:Print_RENC_Reading	8	static
main.c:1239:6:check_soil	8	static
main.c:1248:6:IR_LOCATE	16	static
main.c:1284:6:checkTurn	8	static
main.c:1296:6:checkStraight	8	static
main.c:1312:6:checkLeft	8	static
main.c:1324:6:checkRight	8	static
main.c:1336:6:determineDir	8	static
main.c:1349:6:countUp	8	static
main.c:1352:6:TIM6_UltraSonic_Handler	32	static
main.c:1383:6:HAL_RTC_AlarmAEventCallback	48	static
main.c:1408:6:nextState	32	static
main.c:1426:6:cliff_sense	8	static
main.c:1432:6:push_button	8	static
main.c:1449:6:Error_Handler	8	static
