main.c:73:6:init_Left	8	static
main.c:76:6:init_Right	8	static
main.c:80:6:init_Straight	8	static
main.c:83:6:myTim2Init	8	static
main.c:98:6:myDMAInit	16	static
main.c:200:5:main	16	static
main.c:307:6:SystemClock_Config	136	static
main.c:353:13:MX_ADC_Init	16	static
main.c:435:13:MX_TIM2_Init	72	static
main.c:505:13:MX_TIM3_Init	32	static
main.c:570:13:MX_TIM6_Init	16	static
main.c:608:13:MX_TIM21_Init	32	static
main.c:656:13:MX_TIM22_Init	64	static
main.c:712:13:MX_USART2_UART_Init	8	static
main.c:747:13:MX_GPIO_Init	56	static
main.c:822:1:__io_putchar	16	static
main.c:831:6:Right_Encoder_Interrupt_Handler	8	static
main.c:839:6:Left_Encoder_Interrupt_Handler	8	static
main.c:848:6:Right_Motor_PWM_Gen	16	static
main.c:875:6:Left_Motor_PWM_Gen	16	static
main.c:902:6:Right_Motor_Position_Controller	24	static
main.c:920:6:Left_Motor_Position_Controller	24	static
main.c:938:6:move_robot	16	static
main.c:959:6:TEN_KHZ_TIM_Interrupt_Handler	8	static
main.c:967:6:TIM22_Interrupt_Handler	8	static
main.c:972:6:Print_Encoder_Reading	8	static
main.c:979:6:ADC_ConvCpltCallback	16	static
main.c:987:6:HAL_ADC_ErrorCallback	16	static
main.c:995:5:check_light	56	static
main.c:1017:6:turn_until_light	16	static
main.c:1030:6:forward_until_light	16	static
main.c:1041:5:light_direction	24	static
main.c:1053:6:RTC_Init	8	static
main.c:1074:6:Print_RENC_Reading	8	static
main.c:1082:6:Error_Handler	8	static
