stm32l0xx_it.c:63:6:IR_LOCATE	16	static
stm32l0xx_it.c:98:6:checkTurn	8	static
stm32l0xx_it.c:110:6:checkStraight	8	static
stm32l0xx_it.c:118:6:checkLeft	8	static
stm32l0xx_it.c:130:6:checkRight	8	static
stm32l0xx_it.c:142:6:determineDir	8	static
stm32l0xx_it.c:172:6:NMI_Handler	8	static
stm32l0xx_it.c:185:6:HardFault_Handler	8	static
stm32l0xx_it.c:201:6:SVC_Handler	8	static
stm32l0xx_it.c:214:6:PendSV_Handler	8	static
stm32l0xx_it.c:227:6:SysTick_Handler	8	static
stm32l0xx_it.c:248:6:EXTI0_1_IRQHandler	8	static
stm32l0xx_it.c:266:6:EXTI4_15_IRQHandler	8	static
stm32l0xx_it.c:310:6:ADC1_COMP_IRQHandler	8	static
stm32l0xx_it.c:326:6:TIM6_DAC_IRQHandler	8	static
stm32l0xx_it.c:355:6:TIM21_IRQHandler	8	static
stm32l0xx_it.c:369:6:TIM22_IRQHandler	8	static
