stm32l0xx_hal_msp.c:66:6:HAL_MspInit	8	static
stm32l0xx_hal_msp.c:88:6:HAL_ADC_MspInit	40	static
stm32l0xx_hal_msp.c:129:6:HAL_ADC_MspDeInit	16	static
stm32l0xx_hal_msp.c:164:6:HAL_TIM_Base_MspInit	16	static
stm32l0xx_hal_msp.c:200:6:HAL_TIM_PWM_MspInit	16	static
stm32l0xx_hal_msp.c:222:6:HAL_TIM_OC_MspInit	16	static
stm32l0xx_hal_msp.c:247:6:HAL_TIM_Encoder_MspInit	40	static
stm32l0xx_hal_msp.c:280:6:HAL_TIM_MspPostInit	56	static
stm32l0xx_hal_msp.c:343:6:HAL_TIM_Base_MspDeInit	16	static
stm32l0xx_hal_msp.c:379:6:HAL_TIM_PWM_MspDeInit	16	static
stm32l0xx_hal_msp.c:401:6:HAL_TIM_OC_MspDeInit	16	static
stm32l0xx_hal_msp.c:426:6:HAL_TIM_Encoder_MspDeInit	16	static
stm32l0xx_hal_msp.c:457:6:HAL_UART_MspInit	40	static
stm32l0xx_hal_msp.c:493:6:HAL_UART_MspDeInit	16	static
