stm32l0xx_hal_msp.c:66:6:HAL_MspInit	8	static
stm32l0xx_hal_msp.c:88:6:HAL_ADC_MspInit	40	static
stm32l0xx_hal_msp.c:127:6:HAL_ADC_MspDeInit	16	static
stm32l0xx_hal_msp.c:160:6:HAL_TIM_Base_MspInit	16	static
stm32l0xx_hal_msp.c:196:6:HAL_TIM_PWM_MspInit	16	static
stm32l0xx_hal_msp.c:218:6:HAL_TIM_OC_MspInit	16	static
stm32l0xx_hal_msp.c:243:6:HAL_TIM_Encoder_MspInit	40	static
stm32l0xx_hal_msp.c:276:6:HAL_TIM_MspPostInit	56	static
stm32l0xx_hal_msp.c:339:6:HAL_TIM_Base_MspDeInit	16	static
stm32l0xx_hal_msp.c:375:6:HAL_TIM_PWM_MspDeInit	16	static
stm32l0xx_hal_msp.c:397:6:HAL_TIM_OC_MspDeInit	16	static
stm32l0xx_hal_msp.c:422:6:HAL_TIM_Encoder_MspDeInit	16	static
stm32l0xx_hal_msp.c:453:6:HAL_UART_MspInit	40	static
stm32l0xx_hal_msp.c:489:6:HAL_UART_MspDeInit	16	static
