stm32l0xx_hal_msp.c:67:6:HAL_MspInit	0	static
stm32l0xx_hal_msp.c:89:6:HAL_ADC_MspInit	40	static
stm32l0xx_hal_msp.c:141:6:HAL_ADC_MspDeInit	8	static
stm32l0xx_hal_msp.c:172:6:HAL_TIM_Base_MspInit	8	static
stm32l0xx_hal_msp.c:208:6:HAL_TIM_PWM_MspInit	0	static
stm32l0xx_hal_msp.c:230:6:HAL_TIM_OC_MspInit	8	static
stm32l0xx_hal_msp.c:255:6:HAL_TIM_Encoder_MspInit	32	static
stm32l0xx_hal_msp.c:288:6:HAL_TIM_MspPostInit	40	static
stm32l0xx_hal_msp.c:351:6:HAL_TIM_Base_MspDeInit	8	static
stm32l0xx_hal_msp.c:387:6:HAL_TIM_PWM_MspDeInit	0	static
stm32l0xx_hal_msp.c:409:6:HAL_TIM_OC_MspDeInit	8	static
stm32l0xx_hal_msp.c:434:6:HAL_TIM_Encoder_MspDeInit	8	static
stm32l0xx_hal_msp.c:465:6:HAL_UART_MspInit	32	static
stm32l0xx_hal_msp.c:501:6:HAL_UART_MspDeInit	8	static
