16:33:38 **** Incremental Build of configuration Debug for project Final ****
make -j8 all 
arm-none-eabi-gcc "../Core/Src/main.c" -mcpu=cortex-m0plus -std=gnu11 -g3 -DUSE_HAL_DRIVER -DSTM32L073xx -DDEBUG -c -I../Drivers/CMSIS/Include -I../Core/Inc -I../Drivers/STM32L0xx_HAL_Driver/Inc -I../Drivers/CMSIS/Device/ST/STM32L0xx/Include -I../Drivers/STM32L0xx_HAL_Driver/Inc/Legacy -O0 -ffunction-sections -fdata-sections -Wall -fstack-usage -MMD -MP -MF"Core/Src/main.d" -MT"Core/Src/main.o" --specs=nano.specs -mfloat-abi=soft -mthumb -o "Core/Src/main.o"
arm-none-eabi-gcc -o "Final.elf" @"objects.list"   -mcpu=cortex-m0plus -T"C:\Users\Assyria\Documents\PLANT\Final\STM32L073RZTX_FLASH.ld" --specs=nosys.specs -Wl,-Map="Final.map" -Wl,--gc-sections -static --specs=nano.specs -mfloat-abi=soft -mthumb -Wl,--start-group -lc -lm -Wl,--end-group
Finished building target: Final.elf
 
arm-none-eabi-objdump -h -S  Final.elf  > "Final.list"
arm-none-eabi-size   Final.elf 
   text	   data	    bss	    dec	    hex	filename
  27832	    116	   1736	  29684	   73f4	Final.elf
Finished building: default.size.stdout
 
Finished building: Final.list
 

16:33:40 Build Finished. 0 errors, 0 warnings. (took 1s.449ms)

