07:49:56 **** Incremental Build of configuration Debug for project Final ****
make -j8 all 
arm-none-eabi-gcc "../Core/Src/main.c" -mcpu=cortex-m0plus -std=gnu11 -g3 -DUSE_HAL_DRIVER -DSTM32L073xx -DDEBUG -c -I../Drivers/CMSIS/Include -I../Core/Inc -I../Drivers/STM32L0xx_HAL_Driver/Inc -I../Drivers/CMSIS/Device/ST/STM32L0xx/Include -I../Drivers/STM32L0xx_HAL_Driver/Inc/Legacy -O0 -ffunction-sections -fdata-sections -Wall -fstack-usage -MMD -MP -MF"Core/Src/main.d" -MT"Core/Src/main.o" --specs=nano.specs -mfloat-abi=soft -mthumb -o "Core/Src/main.o"
arm-none-eabi-gcc -o "Final.elf" @"objects.list" C:/Users/Assyria/Documents/PLANT/Final/Drivers/CMSIS/Lib/ARM/arm_cortexM0l_math.lib  -mcpu=cortex-m0plus -T"C:\Users\Assyria\Documents\PLANT\Final\STM32L073RZTX_FLASH.ld" --specs=nosys.specs -Wl,-Map="Final.map" -Wl,--gc-sections -static --specs=nano.specs -mfloat-abi=soft -mthumb -Wl,--start-group -lc -lm -Wl,--end-group
c:\st\stm32cubeide_1.0.2\stm32cubeide\plugins\com.st.stm32cube.ide.mcu.externaltools.gnu-tools-for-stm32.7-2018-q2-update.win32_1.0.0.201904181610\tools\arm-none-eabi\bin\ld.exe: warning: C:/Users/Assyria/Documents/PLANT/Final/Drivers/CMSIS/Lib/ARM/arm_cortexM0l_math.lib(arm_pid_init_f32.o) uses 2-byte wchar_t yet the output is to use 4-byte wchar_t; use of wchar_t values across objects may fail
Finished building target: Final.elf
 
arm-none-eabi-objdump -h -S  Final.elf  > "Final.list"
arm-none-eabi-size   Final.elf 
   text	   data	    bss	    dec	    hex	filename
  35088	    116	   2312	  37516	   928c	Final.elf
Finished building: default.size.stdout
 
Finished building: Final.list
 

07:49:58 Build Finished. 0 errors, 0 warnings. (took 2s.59ms)

