07:38:45 **** Incremental Build of configuration Debug for project Final ****
make -j8 all 
arm-none-eabi-gcc "../Core/Src/main.c" -mcpu=cortex-m0plus -std=gnu11 -g3 -DUSE_HAL_DRIVER -DSTM32L073xx -DDEBUG -c -I../Drivers/CMSIS/Include -I../Core/Inc -I../Drivers/STM32L0xx_HAL_Driver/Inc -I../Drivers/CMSIS/Device/ST/STM32L0xx/Include -I../Drivers/STM32L0xx_HAL_Driver/Inc/Legacy -O0 -ffunction-sections -fdata-sections -Wall -fstack-usage -MMD -MP -MF"Core/Src/main.d" -MT"Core/Src/main.o" --specs=nano.specs -mfloat-abi=soft -mthumb -o "Core/Src/main.o"
arm-none-eabi-gcc -o "Final.elf" @"objects.list" C:/Users/Assyria/Documents/PLANT/Final/Drivers/CMSIS/Lib/ARM/arm_cortexM0l_math.lib  -mcpu=cortex-m0plus -T"C:\Users\Assyria\Documents\PLANT\Final\STM32L073RZTX_FLASH.ld" --specs=nosys.specs -Wl,-Map="Final.map" -Wl,--gc-sections -static --specs=nano.specs -mfloat-abi=soft -mthumb -Wl,--start-group -lc -lm -Wl,--end-group
c:\st\stm32cubeide_1.0.2\stm32cubeide\plugins\com.st.stm32cube.ide.mcu.externaltools.gnu-tools-for-stm32.7-2018-q2-update.win32_1.0.0.201904181610\tools\arm-none-eabi\bin\ld.exe: warning: C:/Users/Assyria/Documents/PLANT/Final/Drivers/CMSIS/Lib/ARM/arm_cortexM0l_math.lib(arm_pid_init_f32.o) uses 2-byte wchar_t yet the output is to use 4-byte wchar_t; use of wchar_t values across objects may fail
Finished building target: Final.elf
 
arm-none-eabi-objdump -h -S  Final.elf  > "Final.list"
arm-none-eabi-size   Final.elf 
   text	   data	    bss	    dec	    hex	filename
  35072	    116	   2312	  37500	   927c	Final.elf
Finished building: default.size.stdout
 
Finished building: Final.list
 
07:38:53 **** Incremental Build of configuration Debug for project Final ****
make -j8 all 
arm-none-eabi-size   Final.elf 
   text	   data	    bss	    dec	    hex	filename
  35072	    116	   2312	  37500	   927c	Final.elf
Finished building: default.size.stdout
 
07:40:25 **** Incremental Build of configuration Debug for project Final ****
make -j8 all 
arm-none-eabi-size   Final.elf 
   text	   data	    bss	    dec	    hex	filename
  35072	    116	   2312	  37500	   927c	Final.elf
Finished building: default.size.stdout
 
07:42:25 **** Incremental Build of configuration Debug for project Final ****
make -j8 all 
arm-none-eabi-size   Final.elf 
   text	   data	    bss	    dec	    hex	filename
  35072	    116	   2312	  37500	   927c	Final.elf
Finished building: default.size.stdout
 
07:43:33 **** Incremental Build of configuration Debug for project Final ****
make -j8 all 
arm-none-eabi-gcc "../Core/Src/movement.c" -mcpu=cortex-m0plus -std=gnu11 -g3 -DUSE_HAL_DRIVER -DSTM32L073xx -DDEBUG -c -I../Drivers/CMSIS/Include -I../Core/Inc -I../Drivers/STM32L0xx_HAL_Driver/Inc -I../Drivers/CMSIS/Device/ST/STM32L0xx/Include -I../Drivers/STM32L0xx_HAL_Driver/Inc/Legacy -O0 -ffunction-sections -fdata-sections -Wall -fstack-usage -MMD -MP -MF"Core/Src/movement.d" -MT"Core/Src/movement.o" --specs=nano.specs -mfloat-abi=soft -mthumb -o "Core/Src/movement.o"
../Core/Src/movement.c: In function 'move_x':
../Core/Src/movement.c:62:12: warning: unused variable 'right_pid' [-Wunused-variable]
  float32_t right_pid = (arm_pid_f32(&robot->left.pos_pid, pos_error) + arm_pid_f32(&robot->left.rad_pid, rad_error));
            ^~~~~~~~~
arm-none-eabi-gcc -o "Final.elf" @"objects.list" C:/Users/Assyria/Documents/PLANT/Final/Drivers/CMSIS/Lib/ARM/arm_cortexM0l_math.lib  -mcpu=cortex-m0plus -T"C:\Users\Assyria\Documents\PLANT\Final\STM32L073RZTX_FLASH.ld" --specs=nosys.specs -Wl,-Map="Final.map" -Wl,--gc-sections -static --specs=nano.specs -mfloat-abi=soft -mthumb -Wl,--start-group -lc -lm -Wl,--end-group
c:\st\stm32cubeide_1.0.2\stm32cubeide\plugins\com.st.stm32cube.ide.mcu.externaltools.gnu-tools-for-stm32.7-2018-q2-update.win32_1.0.0.201904181610\tools\arm-none-eabi\bin\ld.exe: warning: C:/Users/Assyria/Documents/PLANT/Final/Drivers/CMSIS/Lib/ARM/arm_cortexM0l_math.lib(arm_pid_init_f32.o) uses 2-byte wchar_t yet the output is to use 4-byte wchar_t; use of wchar_t values across objects may fail
Finished building target: Final.elf
 
arm-none-eabi-objdump -h -S  Final.elf  > "Final.list"
arm-none-eabi-size   Final.elf 
   text	   data	    bss	    dec	    hex	filename
  35116	    116	   2312	  37544	   92a8	Final.elf
Finished building: default.size.stdout
 
Finished building: Final.list
 
07:44:18 **** Incremental Build of configuration Debug for project Final ****
make -j8 all 
arm-none-eabi-gcc "../Core/Src/movement.c" -mcpu=cortex-m0plus -std=gnu11 -g3 -DUSE_HAL_DRIVER -DSTM32L073xx -DDEBUG -c -I../Drivers/CMSIS/Include -I../Core/Inc -I../Drivers/STM32L0xx_HAL_Driver/Inc -I../Drivers/CMSIS/Device/ST/STM32L0xx/Include -I../Drivers/STM32L0xx_HAL_Driver/Inc/Legacy -O0 -ffunction-sections -fdata-sections -Wall -fstack-usage -MMD -MP -MF"Core/Src/movement.d" -MT"Core/Src/movement.o" --specs=nano.specs -mfloat-abi=soft -mthumb -o "Core/Src/movement.o"
../Core/Src/movement.c: In function 'move_x':
../Core/Src/movement.c:61:68: error: expected ')' before ';' token
  float32_t left_pid = (arm_pid_f32(&robot->left.pos_pid, pos_error); //+ arm_pid_f32(&robot->left.rad_pid, rad_error));
                                                                    ^
../Core/Src/movement.c:72:1: error: expected ',' or ';' before '}' token
 }
 ^
../Core/Src/movement.c:155:1: error: expected declaration or statement at end of input
 }
 ^
../Core/Src/movement.c:61:12: warning: unused variable 'left_pid' [-Wunused-variable]
  float32_t left_pid = (arm_pid_f32(&robot->left.pos_pid, pos_error); //+ arm_pid_f32(&robot->left.rad_pid, rad_error));
            ^~~~~~~~
../Core/Src/movement.c:59:8: warning: unused variable 'rad_error' [-Wunused-variable]
  float rad_error = theta_target - robot->theta;
        ^~~~~~~~~
../Core/Src/movement.c:155:1: warning: control reaches end of non-void function [-Wreturn-type]
 }
 ^
At top level:
../Core/Src/movement.c:150:6: warning: 'stop' defined but not used [-Wunused-function]
 void stop(Robot* robot){
      ^~~~
../Core/Src/movement.c:127:5: warning: 'turn_until' defined but not used [-Wunused-function]
 int turn_until(Robot* robot, int (*compare)()){
     ^~~~~~~~~~
../Core/Src/movement.c:106:5: warning: 'move_until' defined but not used [-Wunused-function]
 int move_until(Robot* robot, int (*compare)(), int compare_value){
     ^~~~~~~~~~
../Core/Src/movement.c:78:6: warning: 'turn' defined but not used [-Wunused-function]
 char turn(Robot* robot, float target){
      ^~~~
../Core/Src/movement.c:74:6: warning: 'move_y' defined but not used [-Wunused-function]
 char move_y(Robot* robot, float target){
      ^~~~~~
make: *** [Core/Src/subdir.mk:41: Core/Src/movement.o] Error 1
"make -j8 all" terminated with exit code 2. Build might be incomplete.
07:44:35 **** Incremental Build of configuration Debug for project Final ****
make -j8 all 
arm-none-eabi-gcc "../Core/Src/movement.c" -mcpu=cortex-m0plus -std=gnu11 -g3 -DUSE_HAL_DRIVER -DSTM32L073xx -DDEBUG -c -I../Drivers/CMSIS/Include -I../Core/Inc -I../Drivers/STM32L0xx_HAL_Driver/Inc -I../Drivers/CMSIS/Device/ST/STM32L0xx/Include -I../Drivers/STM32L0xx_HAL_Driver/Inc/Legacy -O0 -ffunction-sections -fdata-sections -Wall -fstack-usage -MMD -MP -MF"Core/Src/movement.d" -MT"Core/Src/movement.o" --specs=nano.specs -mfloat-abi=soft -mthumb -o "Core/Src/movement.o"
../Core/Src/movement.c: In function 'move_x':
../Core/Src/movement.c:62:12: warning: unused variable 'right_pid' [-Wunused-variable]
  float32_t right_pid = (arm_pid_f32(&robot->left.pos_pid, pos_error) + arm_pid_f32(&robot->left.rad_pid, rad_error));
            ^~~~~~~~~
arm-none-eabi-gcc -o "Final.elf" @"objects.list" C:/Users/Assyria/Documents/PLANT/Final/Drivers/CMSIS/Lib/ARM/arm_cortexM0l_math.lib  -mcpu=cortex-m0plus -T"C:\Users\Assyria\Documents\PLANT\Final\STM32L073RZTX_FLASH.ld" --specs=nosys.specs -Wl,-Map="Final.map" -Wl,--gc-sections -static --specs=nano.specs -mfloat-abi=soft -mthumb -Wl,--start-group -lc -lm -Wl,--end-group
c:\st\stm32cubeide_1.0.2\stm32cubeide\plugins\com.st.stm32cube.ide.mcu.externaltools.gnu-tools-for-stm32.7-2018-q2-update.win32_1.0.0.201904181610\tools\arm-none-eabi\bin\ld.exe: warning: C:/Users/Assyria/Documents/PLANT/Final/Drivers/CMSIS/Lib/ARM/arm_cortexM0l_math.lib(arm_pid_init_f32.o) uses 2-byte wchar_t yet the output is to use 4-byte wchar_t; use of wchar_t values across objects may fail
Finished building target: Final.elf
 
arm-none-eabi-objdump -h -S  Final.elf  > "Final.list"
arm-none-eabi-size   Final.elf 
   text	   data	    bss	    dec	    hex	filename
  35088	    116	   2312	  37516	   928c	Final.elf
Finished building: default.size.stdout
 
Finished building: Final.list
 
07:45:01 **** Incremental Build of configuration Debug for project Final ****
make -j8 all 
arm-none-eabi-size   Final.elf 
   text	   data	    bss	    dec	    hex	filename
  35088	    116	   2312	  37516	   928c	Final.elf
Finished building: default.size.stdout
 
07:48:43 **** Incremental Build of configuration Debug for project Final ****
make -j8 all 
arm-none-eabi-gcc "../Core/Src/movement.c" -mcpu=cortex-m0plus -std=gnu11 -g3 -DUSE_HAL_DRIVER -DSTM32L073xx -DDEBUG -c -I../Drivers/CMSIS/Include -I../Core/Inc -I../Drivers/STM32L0xx_HAL_Driver/Inc -I../Drivers/CMSIS/Device/ST/STM32L0xx/Include -I../Drivers/STM32L0xx_HAL_Driver/Inc/Legacy -O0 -ffunction-sections -fdata-sections -Wall -fstack-usage -MMD -MP -MF"Core/Src/movement.d" -MT"Core/Src/movement.o" --specs=nano.specs -mfloat-abi=soft -mthumb -o "Core/Src/movement.o"
../Core/Src/movement.c: In function 'move_x':
../Core/Src/movement.c:61:12: warning: unused variable 'left_pid' [-Wunused-variable]
  float32_t left_pid = (arm_pid_f32(&robot->left.pos_pid, pos_error)); //+ arm_pid_f32(&robot->left.rad_pid, rad_error));
            ^~~~~~~~
arm-none-eabi-gcc -o "Final.elf" @"objects.list" C:/Users/Assyria/Documents/PLANT/Final/Drivers/CMSIS/Lib/ARM/arm_cortexM0l_math.lib  -mcpu=cortex-m0plus -T"C:\Users\Assyria\Documents\PLANT\Final\STM32L073RZTX_FLASH.ld" --specs=nosys.specs -Wl,-Map="Final.map" -Wl,--gc-sections -static --specs=nano.specs -mfloat-abi=soft -mthumb -Wl,--start-group -lc -lm -Wl,--end-group
c:\st\stm32cubeide_1.0.2\stm32cubeide\plugins\com.st.stm32cube.ide.mcu.externaltools.gnu-tools-for-stm32.7-2018-q2-update.win32_1.0.0.201904181610\tools\arm-none-eabi\bin\ld.exe: warning: C:/Users/Assyria/Documents/PLANT/Final/Drivers/CMSIS/Lib/ARM/arm_cortexM0l_math.lib(arm_pid_init_f32.o) uses 2-byte wchar_t yet the output is to use 4-byte wchar_t; use of wchar_t values across objects may fail
Finished building target: Final.elf
 
arm-none-eabi-objdump -h -S  Final.elf  > "Final.list"
arm-none-eabi-size   Final.elf 
   text	   data	    bss	    dec	    hex	filename
  35088	    116	   2312	  37516	   928c	Final.elf
Finished building: default.size.stdout
 
Finished building: Final.list
 
07:49:56 **** Incremental Build of configuration Debug for project Final ****
make -j8 all 
arm-none-eabi-gcc "../Core/Src/main.c" -mcpu=cortex-m0plus -std=gnu11 -g3 -DUSE_HAL_DRIVER -DSTM32L073xx -DDEBUG -c -I../Drivers/CMSIS/Include -I../Core/Inc -I../Drivers/STM32L0xx_HAL_Driver/Inc -I../Drivers/CMSIS/Device/ST/STM32L0xx/Include -I../Drivers/STM32L0xx_HAL_Driver/Inc/Legacy -O0 -ffunction-sections -fdata-sections -Wall -fstack-usage -MMD -MP -MF"Core/Src/main.d" -MT"Core/Src/main.o" --specs=nano.specs -mfloat-abi=soft -mthumb -o "Core/Src/main.o"
arm-none-eabi-gcc -o "Final.elf" @"objects.list" C:/Users/Assyria/Documents/PLANT/Final/Drivers/CMSIS/Lib/ARM/arm_cortexM0l_math.lib  -mcpu=cortex-m0plus -T"C:\Users\Assyria\Documents\PLANT\Final\STM32L073RZTX_FLASH.ld" --specs=nosys.specs -Wl,-Map="Final.map" -Wl,--gc-sections -static --specs=nano.specs -mfloat-abi=soft -mthumb -Wl,--start-group -lc -lm -Wl,--end-group
c:\st\stm32cubeide_1.0.2\stm32cubeide\plugins\com.st.stm32cube.ide.mcu.externaltools.gnu-tools-for-stm32.7-2018-q2-update.win32_1.0.0.201904181610\tools\arm-none-eabi\bin\ld.exe: warning: C:/Users/Assyria/Documents/PLANT/Final/Drivers/CMSIS/Lib/ARM/arm_cortexM0l_math.lib(arm_pid_init_f32.o) uses 2-byte wchar_t yet the output is to use 4-byte wchar_t; use of wchar_t values across objects may fail
Finished building target: Final.elf
 
arm-none-eabi-objdump -h -S  Final.elf  > "Final.list"
arm-none-eabi-size   Final.elf 
   text	   data	    bss	    dec	    hex	filename
  35088	    116	   2312	  37516	   928c	Final.elf
Finished building: default.size.stdout
 
Finished building: Final.list
 
